// Jest Snapshot v1, https://goo.gl/fbAQLP

exports[`renders correctly 1`] = `
<View
  style={
    Object {
      "alignItems": "center",
      "flex": 1,
      "justifyContent": "space-between",
    }
  }
>
  <View
    style={
      Object {
        "flex": 1,
        "width": "100%",
      }
    }
  >
    <View
      style={
        Object {
          "alignItems": "center",
          "display": "flex",
          "flexDirection": "row",
          "justifyContent": "space-evenly",
          "marginHorizontal": 20,
        }
      }
    >
      <Text
        style={
          Object {
            "fontSize": 20,
            "fontWeight": "bold",
            "padding": 10,
            "width": "80%",
          }
        }
      >
        Black Sheet Strappy Textured Glitter Bodycon Dress
      </Text>
      <View
        style={
          Object {
            "alignItems": "center",
            "display": "flex",
            "flexDirection": "column",
            "padding": 10,
          }
        }
      >
        <Text
          onPress={[Function]}
          style={
            Object {
              "fontSize": 30,
            }
          }
        >
          +
        </Text>
        <Text
          style={
            Object {
              "fontSize": 30,
            }
          }
        >
          2
        </Text>
        <Text
          onPress={[Function]}
          style={
            Object {
              "fontSize": 30,
            }
          }
        >
          -
        </Text>
      </View>
    </View>
    <View
      style={
        Object {
          "alignItems": "center",
          "display": "flex",
          "flexDirection": "row",
          "justifyContent": "space-evenly",
          "marginHorizontal": 20,
        }
      }
    >
      <Text
        style={
          Object {
            "fontSize": 20,
            "fontWeight": "bold",
            "padding": 10,
            "width": "80%",
          }
        }
      >
        Black Sheet Strappy Textured Glitter Bodycon Dress
      </Text>
      <View
        style={
          Object {
            "alignItems": "center",
            "display": "flex",
            "flexDirection": "column",
            "padding": 10,
          }
        }
      >
        <Text
          onPress={[Function]}
          style={
            Object {
              "fontSize": 30,
            }
          }
        >
          +
        </Text>
        <Text
          style={
            Object {
              "fontSize": 30,
            }
          }
        >
          2
        </Text>
        <Text
          onPress={[Function]}
          style={
            Object {
              "fontSize": 30,
            }
          }
        >
          -
        </Text>
      </View>
    </View>
    <View
      style={
        Object {
          "alignItems": "center",
          "display": "flex",
          "flexDirection": "row",
          "justifyContent": "space-evenly",
          "marginHorizontal": 20,
        }
      }
    >
      <Text
        style={
          Object {
            "fontSize": 20,
            "fontWeight": "bold",
            "padding": 10,
            "width": "80%",
          }
        }
      >
        Stone Ribbed Strappy Cut Out Detail Bodycon Dress
      </Text>
      <View
        style={
          Object {
            "alignItems": "center",
            "display": "flex",
            "flexDirection": "column",
            "padding": 10,
          }
        }
      >
        <Text
          onPress={[Function]}
          style={
            Object {
              "fontSize": 30,
            }
          }
        >
          +
        </Text>
        <Text
          style={
            Object {
              "fontSize": 30,
            }
          }
        >
          1
        </Text>
        <Text
          onPress={[Function]}
          style={
            Object {
              "fontSize": 30,
            }
          }
        >
          -
        </Text>
      </View>
    </View>
  </View>
  <Text
    style={
      Object {
        "fontFamily": "space-mono",
        "fontSize": 50,
      }
    }
  >
    SUM: 
    20.00
    Â£
  </Text>
</View>
`;
