// Jest Snapshot v1, https://goo.gl/fbAQLP

exports[`renders correctly 1`] = `
<View
  accessible={true}
  focusable={true}
  onClick={[Function]}
  onResponderGrant={[Function]}
  onResponderMove={[Function]}
  onResponderRelease={[Function]}
  onResponderTerminate={[Function]}
  onResponderTerminationRequest={[Function]}
  onStartShouldSetResponder={[Function]}
  style={
    Object {
      "backgroundColor": "#cccccc",
      "justifyContent": "center",
      "marginTop": 10,
      "opacity": 1,
      "width": "100%",
    }
  }
>
  <View
    style={
      Object {
        "height": 200,
      }
    }
  >
    <Image
      source={
        Object {
          "uri": "http://cdn-img.prettylittlething.com/9/0/a/a/90aa90903a135ee59594f47c7685aa7ef3046e44_cly8063_1.jpg?imwidth=1024",
        }
      }
      style={
        Object {
          "backgroundColor": "#cccccc",
          "flex": 1,
          "resizeMode": "contain",
          "width": "100%",
        }
      }
    />
  </View>
  <Text>
    Black Sheet Strappy Textured Glitter Bodycon Dress
  </Text>
  <Text>
    Black
  </Text>
  <Text>
    10
     
    Â£
  </Text>
</View>
`;
